ERROR: 2022/11/03 16:59:37 listing11.go:33: Something has failed
